================================================================================================================
1. SPRINT FRONTIER -- judged candidate vs I5 baseline, by holding window (full span)
================================================================================================================
  window | candidate p50  p95 (best case)       p05   pos%  P(-50%) |   I5 p50   I5 p95
----------------------------------------------------------------------------------------------------------------
     7d |        -0.01%           52.12%   -30.02%  49.5%   0.0072 |    0.04%    0.81%
    14d |         0.56%           78.02%   -40.58%  50.9%   0.0281 |    0.09%    1.59%
    30d |         6.51%          131.96%   -55.72%  55.8%   0.0718 |    0.21%    3.57%
    90d |        19.27%          324.84%   -76.96%  59.0%   0.1642 |    0.69%   14.36%
   180d |        33.88%          588.97%   -90.66%  66.9%   0.1924 |    1.39%   18.33%
   365d |        32.68%         1158.57%   -85.22%  53.2%   0.3019 |    4.39%   32.01%

   시간까지의 속도  candidate: 2x 211일 · 5x 265일 · 10x 359일
                    I5:        2x None · 5x None · 10x None

================================================================================================================
2. IS vs OOS of the judged candidate (the one sealed unsealing)
================================================================================================================
   IS   30일창 중앙값   +5.68% (I5 +0.22%) | p95  +142.26% | 양수비율  55.2% | P(-50%) 0.0746 | 창수 2185
   OOS  30일창 중앙값  +19.75% (I5 +0.15%) | p95  +107.24% | 양수비율  66.5% | P(-50%) 0.0532 | 창수 263

================================================================================================================
3. ARCHIVE BY 30-DAY HALVING RISK -- 'how much median 30d return can I buy at each risk level'
   (union of 5 seeds, 919 unique genomes, IS only)
================================================================================================================
  P(30d -50%) band  genomes  best p50-30d     그 후보 p95    lev  sleeve%   wipeP  trades     family
----------------------------------------------------------------------------------------------------------------
            0-0.01      568         5.63%       58.97%   5.57      50%   0.304     313   momentum
         0.01-0.05      126         6.16%       76.45%   5.57     100%   0.297     313   momentum
          0.05-0.1      118         5.94%       54.42%   4.29     100%   0.977     594  reversion
           0.1-0.2       94         1.54%      145.85%   5.57     100%   0.281     313   momentum
           0.2-0.4       13         0.00%      396.88%  14.12     100%   0.792     121 funding_breakout

================================================================================================================
4. ARCHIVE BY LEVERAGE BAND (sprint objective)
================================================================================================================
  lev band  genomes  best p50-30d   P(-50%)   wipeP  sleeveMDD
----------------------------------------------------------------------------------------------------------------
      1-2x      454         2.79%    0.0435   0.798      99.5%
      2-4x      105         5.68%    0.0746   0.026      99.3%
      4-7x      104         6.16%    0.0114   0.297      90.7%
     7-11x       96         5.96%    0.0311   0.759      97.0%
    11-15x       81         0.92%    0.0005   0.295      84.1%
    15-20x       79         0.72%    0.0000   0.025      75.0%

================================================================================================================
5. DOES A LOWER-RISK ARCHIVE ENTRY EXIST THAT WOULD PASS THE RUIN GATE?
   screen: IS P(30d -50%) < 0.1 AND wipe < 0.05 AND trades >= 100, then re-run on IS and compute Q4's ruin probability (< 0.05)
================================================================================================================
   shortlist before ruin test: 113 genomes; testing top 60
   passing the ruin gate on IS: 49 of 60 tested

 #  p50-30d   p95-30d  IS ruin   IS MDD   IS final$    lev  slv%  P(-50%)   wipeP    tr     family  stop%     R  hold
 1    3.37%    28.31%   0.0004    40.4%      1,876   3.08  100%   0.0000   0.000   901   breakout   1.46  4.84    48
 2    3.35%    27.43%   0.0015    36.9%      1,612   3.08  100%   0.0000   0.001   855   breakout   1.46  4.84   168
 3    3.23%    26.87%   0.0124    44.9%        897   2.53   50%   0.0000   0.003   140   momentum   6.00  6.11   720
 4    3.01%    29.38%   0.0158    68.5%      1,304   3.89   75%   0.0000   0.048   312   momentum   4.48  5.63    96
 5    2.56%    47.71%   0.0170    75.8%      3,085   2.80  100%   0.0000   0.000   227 funding_breakout   4.15  6.52   720
 6    2.47%    20.48%   0.0377    43.9%        483   1.65   75%   0.0000   0.000   794   breakout   1.56  5.19    24
 7    1.94%    35.58%   0.0014    45.8%      1,989   7.13   10%   0.0000   0.001   192 funding_breakout   4.17  2.92    48
 8    1.79%    24.25%   0.0033    29.4%        613   1.87  100%   0.0000   0.000   546   breakout   2.38  4.76   720
 9    1.71%    21.46%   0.0016    31.9%        608   7.13   10%   0.0000   0.004   205 funding_breakout   4.17  1.56    48
10    1.69%    14.84%   0.0017    25.3%        413   1.22  100%   0.0000   0.000   793   momentum   4.48  1.28   336

   대가: 판정후보 p50-30d 5.68% (파산 22.52%) → 최저위험 대안 3.37% (IS 파산 0.04%)
   즉 파산확률을 22.5% → 0.04% 로 낮추는 비용 = 30일 중앙수익 5.68% → 3.37%
