====================================================================================================================
1. 요구 조건 충족 여부 — 하루 1회 이상 진입 ∧ 계좌 생존
====================================================================================================================
   탐색한 유니크 유전자: 1125
   요구 조건(≥1회/활동일 ∧ 전기간 생존) 충족: 47 (4.2%)
   충족 개체의 진입 빈도: 최소 1.01 · 중앙 1.35 · 최대 2.97 회/활동일
   → 빈도 요구 자체는 달성 가능하다.

====================================================================================================================
2. 진입당 달러 — 요구는 +$10.00 (고정 $100 base)
====================================================================================================================
                               최소         중앙         최대   목표 +10.00
진입당 중앙값($)                -13.468     -0.369     +1.034
진입당 평균($)                  -0.022     +0.061     +0.809

   진입당 중앙값이 +$10 이상인 개체: **0 / 47**
   달성된 최대 진입당 중앙값: **$+1.034** (목표의 10.3%)

   최고 개체 (seed 2026332, IS 전용·OOS 미개봉):
     momentum lb12 stop2.36% R1.00 lev3.87x hold168 conc2 sym1 sleeve25%
     진입당: 중앙값 $+1.034 · 평균 $+0.008 · p95 $+1.08 · 최고 $+1.11 · 최악 $-1.44
     빈도 1.40회/활동일 (2980거래, 2135일) · 승률 53.4%
     P(≥+$10) 0.00% · P(≤−$10) 0.00%
     계좌 $100 → $46.77 · MDD 77.7% · 누적 $+22.42

====================================================================================================================
3. 빈도별 프론티어 — 각 진입빈도에서 달성 가능한 최고 진입당 달러 (IS)
====================================================================================================================
       회/활동일     개체       최고 중앙값$       그 개체 평균$   P(≥+$10)    lev      거래       계좌최종$     MDD        $10 EV 필요자본
--------------------------------------------------------------------------------------------------------------------
      0-0.25    713      +31.808        +9.156    56.82%  17.78      44        503  48.5%               $109
      0.25-1    117      +17.316        -0.355    51.32%  18.42     152         46  91.1%              도달 불가
         1-2    101      +16.741        -0.078    52.96%  18.42     744         42  92.6%              도달 불가
         2-4     84       +9.542        -0.296    43.30%  16.18     261         23  88.3%              도달 불가
         4-8     66      +11.276        -0.270    50.53%  17.49     285         23  90.6%              도달 불가
       8-inf     44       +1.594        -0.375     0.74%  16.51     135         24  73.3%              도달 불가

====================================================================================================================
4. 레버리지별 — 진입당 달러를 레버리지로 키울 수 있는가 (요구 조건 충족 개체만)
====================================================================================================================
  lev band     개체       최고 중앙값$        평균$   P(≥+$10)   P(≤−$10)      MDD
--------------------------------------------------------------------------------------------------------------------
      1-2x      7       -0.006    -0.001     0.00%     0.00%   56.4%
      2-4x      5       +1.034    +0.008     0.00%     0.00%   77.7%
      4-7x     10       -0.032    +0.009     0.00%     0.00%   56.8%
     7-11x     13       +0.016    +0.055     0.00%     0.00%   90.3%
    11-15x      5       -0.474    +0.030     0.00%     0.00%   84.4%
    15-20x      7       -1.531    +0.257    20.00%    31.77%   62.5%

====================================================================================================================
5. 진입당 기대값 $10을 만들려면 자본이 얼마여야 하는가
====================================================================================================================
   진입당 손익은 포지션 base에 정비례하므로 $100에서 평균 $m이면 $10을 위해 필요한 자본 = 10/m × $100.
   (기대값이 0 이하면 자본을 키워도 손실만 비례해서 커진다 — 도달 불가.)

   요구 조건 충족 개체 중 진입당 기대값이 양수인 것: 41 / 47

 #      평균$/진입       중앙값$     회/일      거래    lev        $10 EV 필요자본        그때 하루 기대       계좌최종$     MDD
 1    +0.8091   -13.468   1.02    2243  15.85 $           1,236 $         10.16      1,918  68.6%
 2    +0.5398    -1.781   1.29    2858  13.64 $           1,852 $         12.93      1,643  44.3%
 3    +0.3408    -1.176   1.30    2844   7.05 $           2,934 $         13.02      1,068  46.7%
 4    +0.2938    -3.483   1.30    2872   7.53 $           3,403 $         13.03        941  66.4%
 5    +0.2566    -1.531   1.23    2710  17.20 $           3,896 $         12.26        771  62.5%
 6    +0.2481    -8.042   1.96    4343  19.91 $           4,031 $         19.62      1,152  81.9%
 7    +0.2330    -1.979   1.38    3044  13.90 $           4,291 $         13.76        783  66.9%
 8    +0.1993    -3.361   2.14    4742   7.83 $           5,018 $         21.43      1,059  69.7%
 9    +0.1466    -0.291   1.08    2388   8.53 $           6,823 $         10.80        425  62.8%
10    +0.1354    -0.234   1.63    3604   4.19 $           7,385 $         16.28        563  64.4%

   → 가장 좋은 개체 기준: 진입당 기대값 $10에 **약 $1,236** 필요 (현재 $100의 12배)

====================================================================================================================
6. 판정 후보 (SPEC 중앙값-시드 규칙) 와 OOS
====================================================================================================================
   IS  진입당 중앙값 $-0.0055 · 평균 $-0.0012 · 1.03회/활동일 · 2286거래
   OOS 진입당 중앙값 $-0.0122 · 평균 $-0.0173 · 135거래
   게이트: F1=PASS F2=PASS F3=FAIL F4=FAIL F5=PASS F6=PASS
   종합: FAIL (FAIL: ['F3_per_entry_target', 'F4_oos_per_entry'])
